{
  "version": "1.5.0",
  "plugins_used": [
    {
      "name": "ArtifactoryDetector"
    },
    {
      "name": "AWSKeyDetector"
    },
    {
      "name": "AzureStorageKeyDetector"
    },
    {
      "name": "Base64HighEntropyString",
      "limit": 4.5
    },
    {
      "name": "BasicAuthDetector"
    },
    {
      "name": "CloudantDetector"
    },
    {
      "name": "DiscordBotTokenDetector"
    },
    {
      "name": "GitHubTokenDetector"
    },
    {
      "name": "GitLabTokenDetector"
    },
    {
      "name": "HexHighEntropyString",
      "limit": 3.0
    },
    {
      "name": "IbmCloudIamDetector"
    },
    {
      "name": "IbmCosHmacDetector"
    },
    {
      "name": "IPPublicDetector"
    },
    {
      "name": "JwtTokenDetector"
    },
    {
      "name": "KeywordDetector",
      "keyword_exclude": ""
    },
    {
      "name": "MailchimpDetector"
    },
    {
      "name": "NpmDetector"
    },
    {
      "name": "OpenAIDetector"
    },
    {
      "name": "PrivateKeyDetector"
    },
    {
      "name": "PypiTokenDetector"
    },
    {
      "name": "SendGridDetector"
    },
    {
      "name": "SlackDetector"
    },
    {
      "name": "SoftlayerDetector"
    },
    {
      "name": "SquareOAuthDetector"
    },
    {
      "name": "StripeDetector"
    },
    {
      "name": "TelegramBotTokenDetector"
    },
    {
      "name": "TwilioKeyDetector"
    }
  ],
  "filters_used": [
    {
      "path": "detect_secrets.filters.allowlist.is_line_allowlisted"
    },
    {
      "path": "detect_secrets.filters.common.is_ignored_due_to_verification_policies",
      "min_level": 2
    },
    {
      "path": "detect_secrets.filters.heuristic.is_indirect_reference"
    },
    {
      "path": "detect_secrets.filters.heuristic.is_likely_id_string"
    },
    {
      "path": "detect_secrets.filters.heuristic.is_lock_file"
    },
    {
      "path": "detect_secrets.filters.heuristic.is_not_alphanumeric_string"
    },
    {
      "path": "detect_secrets.filters.heuristic.is_potential_uuid"
    },
    {
      "path": "detect_secrets.filters.heuristic.is_prefixed_with_dollar_sign"
    },
    {
      "path": "detect_secrets.filters.heuristic.is_sequential_string"
    },
    {
      "path": "detect_secrets.filters.heuristic.is_swagger_file"
    },
    {
      "path": "detect_secrets.filters.heuristic.is_templated_secret"
    },
    {
      "path": "detect_secrets.filters.regex.should_exclude_file",
      "pattern": [
        "\\.env$",
        ".*\\.lock$",
        ".*requirements.*\\.txt$",
        ".*\\.md$",
        "\\.git/.*"
      ]
    }
  ],
  "results": {
    ".github/workflows/ci.yml": [
      {
        "type": "Secret Keyword",
        "filename": ".github/workflows/ci.yml",
        "hashed_secret": "3acfb2c2b433c0ea7ff107e33df91b18e52f960f",
        "is_verified": false,
        "line_number": 36
      }
    ],
    "Incident-Response-Agent/tests/test_audit_config.py": [
      {
        "type": "Secret Keyword",
        "filename": "Incident-Response-Agent/tests/test_audit_config.py",
        "hashed_secret": "0474aee45985f5ae829f53849df476200e876990",
        "is_verified": false,
        "line_number": 79
      }
    ],
    "Incident-Response-Agent/tests/test_config.py": [
      {
        "type": "Secret Keyword",
        "filename": "Incident-Response-Agent/tests/test_config.py",
        "hashed_secret": "fe72967536aedcae9b1b1e4eaf2c53494e17a638",
        "is_verified": false,
        "line_number": 11
      },
      {
        "type": "Secret Keyword",
        "filename": "Incident-Response-Agent/tests/test_config.py",
        "hashed_secret": "e5e9fa1ba31ecd1ae84f75caaa474f3a663f05f4",
        "is_verified": false,
        "line_number": 25
      },
      {
        "type": "Secret Keyword",
        "filename": "Incident-Response-Agent/tests/test_config.py",
        "hashed_secret": "18bd73dace710554ddca00b55eaf1e112390a947",
        "is_verified": false,
        "line_number": 46
      }
    ],
    "Incident-Response-Agent/tests/test_tools.py": [
      {
        "type": "Secret Keyword",
        "filename": "Incident-Response-Agent/tests/test_tools.py",
        "hashed_secret": "5c5a15a8b0b3e154d77746945e563ba40100681b",
        "is_verified": false,
        "line_number": 80
      }
    ],
    "Knowledge-Base/tests/test_config.py": [
      {
        "type": "Secret Keyword",
        "filename": "Knowledge-Base/tests/test_config.py",
        "hashed_secret": "e5e9fa1ba31ecd1ae84f75caaa474f3a663f05f4",
        "is_verified": false,
        "line_number": 16
      },
      {
        "type": "Secret Keyword",
        "filename": "Knowledge-Base/tests/test_config.py",
        "hashed_secret": "18bd73dace710554ddca00b55eaf1e112390a947",
        "is_verified": false,
        "line_number": 30
      }
    ],
    "Log-Ingestion-and-Metrics/tests/test_lifecycle.py": [
      {
        "type": "Secret Keyword",
        "filename": "Log-Ingestion-and-Metrics/tests/test_lifecycle.py",
        "hashed_secret": "e5e9fa1ba31ecd1ae84f75caaa474f3a663f05f4",
        "is_verified": false,
        "line_number": 40
      }
    ]
  },
  "generated_at": "2026-05-16T18:36:18Z"
}
